package com.karumi.hagu.generated

object HaguConfig {
    
	const val PROPERTY_STRING = "Hello world"
	const val PROPERTY_NUMBER = 1
    
}  
