package com.karumi.hagu.generated

object HaguConfig {
    
    
}  
