package com.github.karumi.hagu.generated

object HaguConfig {
    
    
}  
